îº§ gdb a.out
GNU gdb (Ubuntu 8.1.1-0ubuntu1) 8.1.1
Copyright (C) 2018 Free Software Foundation, Inc.
License GPLv3+: GNU GPL version 3 or later <http://gnu.org/licenses/gpl.html>
This is free software: you are free to change and redistribute it.
There is NO WARRANTY, to the extent permitted by law.  Type "show copying"
and "show warranty" for details.
This GDB was configured as "x86_64-linux-gnu".
Type "show configuration" for configuration details.
For bug reporting instructions, please see:
<http://www.gnu.org/software/gdb/bugs/>.
Find the GDB manual and other documentation resources online at:
<http://www.gnu.org/software/gdb/documentation/>.
For help, type "help".
Type "apropos word" to search for commands related to "word"...
Reading symbols from a.out...done.
(gdb) b main
Breakpoint 1 at 0x850: file p2final.c, line 22.
(gdb) r
Starting program: /home/runner/IA2-Test1-Session2/a.out 
warning: Error disabling address space randomization: Operation not permitted

Breakpoint 1, main () at p2final.c:22
22    int a=input_side();
(gdb) s
input_side () at p2final.c:3
3   {
(gdb) n
5     printf("enter the side of the triangle\n");
(gdb) n
enter the side of the triangle
6     scanf("%d",&s);
(gdb) n
22
7     return s;
(gdb) n
8   }
(gdb) n
main () at p2final.c:23
23    int b=input_side();
(gdb) p a
$1 = 22
(gdb) s
input_side () at p2final.c:3
3   {
(gdb) n
5     printf("enter the side of the triangle\n");
(gdb) n
enter the side of the triangle
6     scanf("%d",&s);
(gdb) n
22
7     return s;
(gdb) n
8   }
(gdb) n
main () at p2final.c:24
24    int c=input_side();
(gdb) p b
$2 = 22
(gdb) s
input_side () at p2final.c:3
3   {
(gdb) n
5     printf("enter the side of the triangle\n");
(gdb) n
enter the side of the triangle
6     scanf("%d",&s);
(gdb) n
22
7     return s;
(gdb) n
8   }
(gdb) n
main () at p2final.c:25
25    output(a,b,c,check_scalene(a,b,c));
(gdb) p c
$3 = 22
(gdb) s
check_scalene (a=22, b=22, c=22) at p2final.c:11
11    return a!=b && b!=c && c!=a?1:0;
(gdb) n
12  }
(gdb) s
output (a=22, b=22, c=22, isscalene=0) at p2final.c:15
15    if(isscalene==1)
(gdb) p isscalene
$4 = 0
(gdb) n
18      printf("the triangle with sides %d,%d,%d is not scalene",a,b,c);
(gdb) n
19  }
(gdb) n
main () at p2final.c:26
26  }(gdb) c
Continuing.
the triangle with sides 22,22,22 is not scalene[Inferior 1 (process 76) exited normally]
(gdb) q