îº§ gdb a.out
GNU gdb (Ubuntu 8.1.1-0ubuntu1) 8.1.1
Copyright (C) 2018 Free Software Foundation, Inc.
License GPLv3+: GNU GPL version 3 or later <http://gnu.org/licenses/gpl.html>
This is free software: you are free to change and redistribute it.
There is NO WARRANTY, to the extent permitted by law.  Type "show copying"
and "show warranty" for details.
This GDB was configured as "x86_64-linux-gnu".
Type "show configuration" for configuration details.
For bug reporting instructions, please see:
<http://www.gnu.org/software/gdb/bugs/>.
Find the GDB manual and other documentation resources online at:
<http://www.gnu.org/software/gdb/documentation/>.
For help, type "help".
Type "apropos word" to search for commands related to "word"...
Reading symbols from a.out...done.
(gdb) b main
Breakpoint 1 at 0x8e5: file p4final.c, line 36.
(gdb) r
Starting program: /home/runner/IA2-Test1-Session2/a.out 
warning: Error disabling address space randomization: Operation not permitted

Breakpoint 1, main () at p4final.c:36
36  {
(gdb) n
37    int n=input_array_size();
(gdb) s
input_array_size () at p4final.c:3
3   {
(gdb) n
5     printf("enter the array size\n");
(gdb) n
enter the array size
6     scanf("%d",&n);
(gdb) n
3
7     return n;
(gdb) n
8   }
(gdb) n
main () at p4final.c:38
38    int a[n];
(gdb) p n
$1 = 3
(gdb) n
39    input_array(n,a);
(gdb) s
input_array (n=3, a=0x7fff5bcfd380) at p4final.c:11
11    printf("enter the array\n");
(gdb) n
enter the array
12    for(int i=0;i<n;i++)
(gdb) n
13      scanf("%d",&a[i]);
(gdb) p i
$2 = 0
(gdb) n
22
12    for(int i=0;i<n;i++)
(gdb) p a[0]
$3 = 22
(gdb) p i
$4 = 0
(gdb) n
13      scanf("%d",&a[i]);
(gdb) p i
$5 = 1
(gdb) n
13
12    for(int i=0;i<n;i++)
(gdb) n
13      scanf("%d",&a[i]);
(gdb) p i
$6 = 2
(gdb) p a[1]
$7 = 13
(gdb) n
12
12    for(int i=0;i<n;i++)
(gdb) n
14  }
(gdb) n
main () at p4final.c:40
40    out_put(sum_composite_numbers(n,a));
(gdb) s
sum_composite_numbers (n=3, a=0x7fff5bcfd380) at p4final.c:17
17    int sum=0;
(gdb) n
18    for(int i=0;i<n;i++)
(gdb) n
20      for(int j=2;j<n;j++)
(gdb) n
22       if(a[i]%j==0 && a[i]!=2)
(gdb) p j
$8 = 2
(gdb) p i
$9 = 0
(gdb) p a[0]
$10 = 22
(gdb) n
24         sum=sum+a[i];
(gdb) n
25         break;
(gdb) p sum
$11 = 22
(gdb) n
18    for(int i=0;i<n;i++)
(gdb) n
20      for(int j=2;j<n;j++)
(gdb) n
22       if(a[i]%j==0 && a[i]!=2)
(gdb) p i
$12 = 1
(gdb) p j
$13 = 2
(gdb) p a[1]
$14 = 13
(gdb) n
20      for(int j=2;j<n;j++)
(gdb) p j
$15 = 2
(gdb) n
18    for(int i=0;i<n;i++)
(gdb) n
20      for(int j=2;j<n;j++)
(gdb) n
22       if(a[i]%j==0 && a[i]!=2)
(gdb) p i
$16 = 2
(gdb) p j
$17 = 2
(gdb) p a[2]
$18 = 12
(gdb) n
24         sum=sum+a[i];
(gdb) p j
$19 = 2
(gdb) p sum
$20 = 22
(gdb) n
25         break;
(gdb) p sum
$21 = 34
(gdb) n
18    for(int i=0;i<n;i++)
(gdb) n
29    return sum;
(gdb) n
30  }
(gdb) s
out_put (sum=34) at p4final.c:33
33    printf("%d",sum);
(gdb) n
34  }
(gdb) n
main () at p4final.c:41
41  }(gdb) c
Continuing.
34[Inferior 1 (process 57) exited normally]
(gdb) q