îº§ gdb a.out
GNU gdb (Ubuntu 8.1.1-0ubuntu1) 8.1.1
Copyright (C) 2018 Free Software Foundation, Inc.
License GPLv3+: GNU GPL version 3 or later <http://gnu.org/licenses/gpl.html>
This is free software: you are free to change and redistribute it.
There is NO WARRANTY, to the extent permitted by law.  Type "show copying"
and "show warranty" for details.
This GDB was configured as "x86_64-linux-gnu".
Type "show configuration" for configuration details.
For bug reporting instructions, please see:
<http://www.gnu.org/software/gdb/bugs/>.
Find the GDB manual and other documentation resources online at:
<http://www.gnu.org/software/gdb/documentation/>.
For help, type "help".
Type "apropos word" to search for commands related to "word"...
Reading symbols from a.out...done.
(gdb) b main
Breakpoint 1 at 0x844: file p5final.c, line 32.
(gdb) r
Starting program: /home/runner/IA2-Test1-Session2/a.out 
warning: Error disabling address space randomization: Operation not permitted

Breakpoint 1, main () at p5final.c:32
32    int a=input();
(gdb) s
input () at p5final.c:3
3   {
(gdb) n
5     printf("enter the number\n");
(gdb) n
enter the number
6     scanf("%d",&a);
(gdb) n
12
7     return a;
(gdb) n
8   }
(gdb) n
main () at p5final.c:33
33    int b=input();
(gdb) p a
$1 = 12
(gdb) s
input () at p5final.c:3
3   {
(gdb) n
5     printf("enter the number\n");
(gdb) n
enter the number
6     scanf("%d",&a);
(gdb) n
16
7     return a;
(gdb) n
8   }
(gdb) n
main () at p5final.c:34
34    output(a,b,gcd(a,b));
(gdb) p b
$2 = 16
(gdb) s
gcd (a=12, b=16) at p5final.c:11
11    int t=1;
(gdb) n
12    if(a<b)
(gdb) n
14       t=b;
(gdb) n
15       b=a;
(gdb) n
16       a=t;
(gdb) n
18    while(t!=0)
(gdb) p a
$3 = 16
(gdb) p b
$4 = 12
(gdb) p t
$5 = 16
(gdb) n
20      t=a%b;
(gdb) n
21      a=b;
(gdb) n
22      b=t;
(gdb) n
18    while(t!=0)
(gdb) p t
$6 = 4
(gdb) p a
$7 = 12
(gdb) p b
$8 = 4
(gdb) n
20      t=a%b;
(gdb) n
21      a=b;
(gdb) n
22      b=t;
(gdb) n
18    while(t!=0)
(gdb) p t
$9 = 0
(gdb) p a
$10 = 4
(gdb) p b
$11 = 0
(gdb) n
24    return a;
(gdb) n
25  }
(gdb) s
output (a=12, b=16, gcd=4) at p5final.c:28
28      printf("the gcd of %d and %d is %d",a,b,gcd);
(gdb) p gcd
$12 = 4
(gdb) n
29  }
(gdb) n
main () at p5final.c:35
35  }(gdb) c
Continuing.
the gcd of 12 and 16 is 4[Inferior 1 (process 31) exited normally]
(gdb) q