îº§ gdb a.out
GNU gdb (Ubuntu 8.1.1-0ubuntu1) 8.1.1
Copyright (C) 2018 Free Software Foundation, Inc.
License GPLv3+: GNU GPL version 3 or later <http://gnu.org/licenses/gpl.html>
This is free software: you are free to change and redistribute it.
There is NO WARRANTY, to the extent permitted by law.  Type "show copying"
and "show warranty" for details.
This GDB was configured as "x86_64-linux-gnu".
Type "show configuration" for configuration details.
For bug reporting instructions, please see:
<http://www.gnu.org/software/gdb/bugs/>.
Find the GDB manual and other documentation resources online at:
<http://www.gnu.org/software/gdb/documentation/>.
For help, type "help".
Type "apropos word" to search for commands related to "word"...
Reading symbols from a.out...done.
(gdb) b main
Breakpoint 1 at 0x893: file p6final.c, line 27.
(gdb) r
Starting program: /home/runner/IA2-Test1-Session2/a.out 
warning: Error disabling address space randomization: Operation not permitted

Breakpoint 1, main () at p6final.c:27
27  {
(gdb) n
29    input_string(a);
(gdb) s
input_string (a=0x7ffd2d573d40 "\340\b ^\025V") at p6final.c:4
4     printf("enter the string\n");
(gdb) n
enter the string
5     scanf("%s",a);
(gdb) n
hello
6   }
(gdb) n
main () at p6final.c:30
30    output(a,a);
(gdb) s
output (a=0x7ffd2d573d40 "hello", 
    reversea=0x7ffd2d573d40 "hello") at p6final.c:22
22    printf("the reverse of %s is",a);
(gdb) n
23    str_reverse(reversea);
(gdb) s
str_reverse (a=0x7ffd2d573d40 "hello") at p6final.c:11
11    for(n=0;a[n]!='\0';n++);                     
(gdb) n
12    for(int i=0;i<n/2;i++)
(gdb) p n
$1 = 5
(gdb) p i
$2 = 22037
(gdb) n
14      x=a[i];
(gdb) p i
$3 = 0
(gdb) n
15      a[i]=a[n-1-i];
(gdb) n
16      a[n-1-i]=x;
(gdb) p x
$4 = 104 'h'
(gdb) p a[0]
$5 = 111 'o'
(gdb) n
12    for(int i=0;i<n/2;i++)
(gdb) p a[4]
$6 = 104 'h'
(gdb) n
14      x=a[i];
(gdb) p i
$7 = 1
(gdb) n
15      a[i]=a[n-1-i];
(gdb) n
16      a[n-1-i]=x;
(gdb) n
12    for(int i=0;i<n/2;i++)
(gdb) p a[1]
$8 = 108 'l'
(gdb) p a[3]
$9 = 101 'e'
(gdb) n
18    return ' ';
(gdb) n
19  }
(gdb) n
output (a=0x7ffd2d573d40 "olleh", 
    reversea=0x7ffd2d573d40 "olleh") at p6final.c:24
24    printf("the reverse of %s is",reversea);
(gdb) p reversea
$10 = 0x7ffd2d573d40 "olleh"
(gdb) n
25  }
(gdb) n
main () at p6final.c:31
31  }
(gdb) c
Continuing.
the reverse of hello isthe reverse of olleh is[Inferior 1 (process 77) exited normally]
(gdb) q