îº§ gdb a.out
GNU gdb (Ubuntu 8.1.1-0ubuntu1) 8.1.1
Copyright (C) 2018 Free Software Foundation, Inc.
License GPLv3+: GNU GPL version 3 or later <http://gnu.org/licenses/gpl.html>
This is free software: you are free to change and redistribute it.
There is NO WARRANTY, to the extent permitted by law.  Type "show copying"
and "show warranty" for details.
This GDB was configured as "x86_64-linux-gnu".
Type "show configuration" for configuration details.
For bug reporting instructions, please see:
<http://www.gnu.org/software/gdb/bugs/>.
Find the GDB manual and other documentation resources online at:
<http://www.gnu.org/software/gdb/documentation/>.
For help, type "help".
Type "apropos word" to search for commands related to "word"...
Reading symbols from a.out...done.
(gdb) b main
Breakpoint 1 at 0x86b: file p7final.c, line 23.
(gdb) r
Starting program: /home/runner/IA2-Test1-Session2/a.out 
warning: Error disabling address space randomization: Operation not permitted

Breakpoint 1, main () at p7final.c:23
23  {
(gdb) n
24    Triangle t=input();
(gdb) s
input () at p7final.c:8
8   {
(gdb) n
10    printf("enter the base and altituted\n");
(gdb) n
enter the base and altituted
11    scanf("%f %f",&t.base,&t.altitude);
(gdb) n
12
3
12    return t;
(gdb) n
13  }
(gdb) n
main () at p7final.c:25
25    find_area(&t);
(gdb) p t
$1 = {base = 12, altitude = 3, area = 1.59320356e+37}
(gdb) s
find_area (t=0x7fff51a8e71c) at p7final.c:16
16    t->area=0.5*(t->base*t->altitude);
(gdb) n
17  }
(gdb) n
main () at p7final.c:26
26    output(t);
(gdb) p t
$2 = {base = 12, altitude = 3, area = 18}
(gdb) s
output (t=...) at p7final.c:20
20    printf("area of the triangle with base=%f and altitude=%f is %f",t.base,t.altitude,t.area);
(gdb) n
21  }
(gdb) n
main () at p7final.c:27
27  }
(gdb) c
Continuing.
area of the triangle with base=12.000000 and altitude=3.000000 is 18.000000[Inferior 1 (process 129) exited normally]
(gdb) q